src/app/guru/evaluations/page.tsx(295,11): error TS1381: Unexpected token. Did you mean `{'}'}` or `&rbrace;`?
src/app/guru/evaluations/page.tsx(295,13): error TS1381: Unexpected token. Did you mean `{'}'}` or `&rbrace;`?
src/app/guru/evaluations/page.tsx(298,5): error TS1128: Declaration or statement expected.
src/app/guru/evaluations/page.tsx(299,3): error TS1109: Expression expected.
src/app/guru/evaluations/page.tsx(300,1): error TS1128: Declaration or statement expected.
